[@@@ocaml.warning "-23-27-30-39-44"]

type payment_system =
  | Cash 
  | Credit_card 
  | Debit_card 
  | App 

type person_location = {
  mutable _presence: Pbrt.Bitfield.t; (** presence for 2 fields *)
  mutable lat : float;
  mutable lng : float;
}

type person_xyz =
  | X of string
  | Y of int32
  | Z of float

and person = {
  mutable _presence: Pbrt.Bitfield.t; (** presence for 4 fields *)
  mutable id : int64;
  mutable email : string;
  mutable name : string;
  mutable home : person_location option;
  mutable picture : bytes;
  mutable xyz : person_xyz option;
}

type destructured_options = unit

let default_payment_system () = (Cash:payment_system)

let default_person_location (): person_location =
{
  _presence=Pbrt.Bitfield.empty;
  lat=0.;
  lng=0.;
}

let default_person_xyz (): person_xyz = X ("")

let default_person (): person =
{
  _presence=Pbrt.Bitfield.empty;
  id=0L;
  email="";
  name="";
  home=None;
  picture=Bytes.create 0;
  xyz=None;
}

let default_destructured_options : destructured_options = ()


(** {2 Make functions} *)

let[@inline] person_location_has_lat (self:person_location) : bool = (Pbrt.Bitfield.get self._presence 0)
let[@inline] person_location_has_lng (self:person_location) : bool = (Pbrt.Bitfield.get self._presence 1)

let[@inline] person_location_set_lat (self:person_location) (x:float) : unit =
  self._presence <- (Pbrt.Bitfield.set self._presence 0); self.lat <- x
let[@inline] person_location_set_lng (self:person_location) (x:float) : unit =
  self._presence <- (Pbrt.Bitfield.set self._presence 1); self.lng <- x

let copy_person_location (self:person_location) : person_location =
  { self with lat = self.lat }

let make_person_location 
  ?(lat:float option)
  ?(lng:float option)
  () : person_location  =
  let _res = default_person_location () in
  (match lat with
  | None -> ()
  | Some v -> person_location_set_lat _res v);
  (match lng with
  | None -> ()
  | Some v -> person_location_set_lng _res v);
  _res

let[@inline] person_has_id (self:person) : bool = (Pbrt.Bitfield.get self._presence 0)
let[@inline] person_has_email (self:person) : bool = (Pbrt.Bitfield.get self._presence 1)
let[@inline] person_has_name (self:person) : bool = (Pbrt.Bitfield.get self._presence 2)
let[@inline] person_has_picture (self:person) : bool = (Pbrt.Bitfield.get self._presence 3)

let[@inline] person_set_id (self:person) (x:int64) : unit =
  self._presence <- (Pbrt.Bitfield.set self._presence 0); self.id <- x
let[@inline] person_set_email (self:person) (x:string) : unit =
  self._presence <- (Pbrt.Bitfield.set self._presence 1); self.email <- x
let[@inline] person_set_name (self:person) (x:string) : unit =
  self._presence <- (Pbrt.Bitfield.set self._presence 2); self.name <- x
let[@inline] person_set_home (self:person) (x:person_location) : unit =
  self.home <- Some x
let[@inline] person_set_picture (self:person) (x:bytes) : unit =
  self._presence <- (Pbrt.Bitfield.set self._presence 3); self.picture <- x
let[@inline] person_set_xyz (self:person) (x:person_xyz) : unit =
  self.xyz <- Some x

let copy_person (self:person) : person =
  { self with id = self.id }

let make_person 
  ?(id:int64 option)
  ?(email:string option)
  ?(name:string option)
  ?(home:person_location option)
  ?(picture:bytes option)
  ?(xyz:person_xyz option)
  () : person  =
  let _res = default_person () in
  (match id with
  | None -> ()
  | Some v -> person_set_id _res v);
  (match email with
  | None -> ()
  | Some v -> person_set_email _res v);
  (match name with
  | None -> ()
  | Some v -> person_set_name _res v);
  (match home with
  | None -> ()
  | Some v -> person_set_home _res v);
  (match picture with
  | None -> ()
  | Some v -> person_set_picture _res v);
  (match xyz with
  | None -> ()
  | Some v -> person_set_xyz _res v);
  _res

[@@@ocaml.warning "-23-27-30-39"]

(** {2 Dump of internal representation for generated OCaml types} *)

(* ----------------------------------------------------- *)
(*
  Module Prefix: Option_processing
  Const Variant: payment_system
    Constructor: Cash
      Binary Value: 0, String Value: CASH
      Options: [{
   "(label)": "Cash"
   }]
    Constructor: Credit_card
      Binary Value: 1, String Value: CREDIT_CARD
      Options: [{
   "(label)": "Credit Card"
   }]
    Constructor: Debit_card
      Binary Value: 2, String Value: DEBIT_CARD
      Options: [{
   "(label)": "Debit Card"
   }]
    Constructor: App
      Binary Value: 3, String Value: APP
      Options: [{
   "(label)": "Mobile App"
   }]
  Options: [{
   "(label)": "Payment method"
   }]
*)

(* ----------------------------------------------------- *)
(*
  Module Prefix: Option_processing
  Record: person_location
  - Field: lat
    Rft_nolabel (Field Type: Ft_basic_type: Bt_float, Encoding: 1, Payload Kind: Pk_bits64)
    Field options: [{
   "(validate.rules)": {"double": {"gte": -90,
                                   "lte": 90}}
   }]
  - Field: lng
    Rft_nolabel (Field Type: Ft_basic_type: Bt_float, Encoding: 2, Payload Kind: Pk_bits64)
    Field options: [{
   "(validate.rules)": {"double": {"gte": -180,
                                   "lte": 180}}
   }]
  Options: []
*)

(* ----------------------------------------------------- *)
(*
  Module Prefix: Option_processing
  Variant: person_xyz
    Constructor: X
      Field Type: Vct_non_nullary_constructor: Ft_basic_type: Bt_string

      Encoding Number: 6, Payload Kind: Pk_bytes
      Options: [{
   "(validate.rules)": {"string": {"prefix": "foo"}}
   }]
    Constructor: Y
      Field Type: Vct_non_nullary_constructor: Ft_basic_type: Bt_int32

      Encoding Number: 7, Payload Kind: Pk_varint (zigzag: false)
      Options: [{
   "(validate.rules)": {"int32": {"gt": 0}}
   }]
    Constructor: Z
      Field Type: Vct_non_nullary_constructor: Ft_basic_type: Bt_float

      Encoding Number: 8, Payload Kind: Pk_bits32
      Options: []
  Options: []
*)

(*
  Module Prefix: Option_processing
  Record: person
  - Field: id
    Rft_nolabel (Field Type: Ft_basic_type: Bt_int64, Encoding: 1, Payload Kind: Pk_varint (zigzag: false))
    Field options: [{
   "(validate.rules)": {"uint64": {"gt": 999}}
   }]
  - Field: email
    Rft_nolabel (Field Type: Ft_basic_type: Bt_string, Encoding: 2, Payload Kind: Pk_bytes)
    Field options: [{
   "(validate.rules)": {"string": {"email": true}}
   }]
  - Field: name
    Rft_nolabel (Field Type: Ft_basic_type: Bt_string, Encoding: 3, Payload Kind: Pk_bytes)
    Field options: [{
   "(validate.rules)": {"string": {"pattern": "^[^[0-9]A-Za-z]+( [^[0-9]A-Za-z]+)*$",
                                   "max_bytes": 256}}
   }]
  - Field: home
    Rft_optional (Field Type: Ft_user_defined_type: person_location, Encoding: 4, Payload Kind: Pk_bytes, Default Value: None)
    Field options: [{
   "(validate.rules)": {"message": {"required": true}}
   }]
  - Field: picture
    Rft_nolabel (Field Type: Ft_basic_type: Bt_bytes, Encoding: 5, Payload Kind: Pk_bytes)
    Field options: [{
   "(validate.rules)": {"bytes": {"not_in": ["foo",
                                             "bar",
                                             "baz"]}}
   }]
  - Field: xyz
    Rft_variant: person_xyz
    Field options: [{
   "(validate.required)": true
   }]
  Options: [{
   "(validate.disabled)": true
   }]
*)

(* ----------------------------------------------------- *)
(*
  Module Prefix: Option_processing
  Empty Record: destructured_options
  Options: [{
   "(google.api.http)": {"custom": {"path": "/foo/bar/baz/{id}",
                                    "kind": "FETCH"},
                         "additional_bindings": [{"post": "/foo/bar/baz/",
                                                  "body": "*"},
                                                 {"get": "/foo/bar/baz/{id}"}]}
   }]
*)
