[@@@ocaml.warning "-27-30-39-44"]

type payment_system =
  | Cash 
  | Credit_card 
  | Debit_card 
  | App 

type person_location = {
  _presence: Pbrt.Bitfield.t;
  (** tracking presence for 2 fields *)
  lat : float;
  lng : float;
}

type person_id2 =
  | X of string
  | Y of int32
  | Z of float

and person = {
  _presence: Pbrt.Bitfield.t;
  (** tracking presence for 4 fields *)
  id : int64;
  email : string;
  name : string;
  home : person_location option;
  picture : bytes;
  id2 : person_id2 option;
}

let default_payment_system = (Cash:payment_system)

let default_person_location: person_location = 
{
  _presence=Pbrt.Bitfield.empty;
  lat=0.;
  lng=0.;
}

let default_person_id2 : person_id2 = X ("")

let default_person: person = 
{
  _presence=Pbrt.Bitfield.empty;
  id=0L;
  email="";
  name="";
  home=None;
  picture=Bytes.create 0;
  id2=None;
}


(** {2 Make functions} *)


let rec make_person_location 
  ?(lat:float option)
  ?(lng:float option)
  () : person_location  =
  let _presence = ref Pbrt.Bitfield.empty in
  let lat=(match lat with
  | None -> 0.
  | Some v -> _presence := (Pbrt.Bitfield.set !_presence 0); v) in
  let lng=(match lng with
  | None -> 0.
  | Some v -> _presence := (Pbrt.Bitfield.set !_presence 1); v) in
  { _presence= !_presence;lat;lng }
let[@inline] has_person_location_lat (self:person_location) : bool = (Pbrt.Bitfield.get self._presence 0)
let[@inline] has_person_location_lng (self:person_location) : bool = (Pbrt.Bitfield.get self._presence 1)


let rec make_person 
  ?(id:int64 option)
  ?(email:string option)
  ?(name:string option)
  ?(home:person_location option)
  ?(picture:bytes option)
  ?(id2:person_id2 option)
  () : person  =
  let _presence = ref Pbrt.Bitfield.empty in
  let id=(match id with
  | None -> 0L
  | Some v -> _presence := (Pbrt.Bitfield.set !_presence 0); v) in
  let email=(match email with
  | None -> ""
  | Some v -> _presence := (Pbrt.Bitfield.set !_presence 1); v) in
  let name=(match name with
  | None -> ""
  | Some v -> _presence := (Pbrt.Bitfield.set !_presence 2); v) in
  let home=(match home with
  | None -> None
  | Some v -> Some v) in
  let picture=(match picture with
  | None -> Bytes.create 0
  | Some v -> _presence := (Pbrt.Bitfield.set !_presence 3); v) in
  let id2=(match id2 with
  | None -> None
  | Some v -> Some v) in
  { _presence= !_presence;id;email;name;home;picture;id2 }
let[@inline] has_person_id (self:person) : bool = (Pbrt.Bitfield.get self._presence 0)
let[@inline] has_person_email (self:person) : bool = (Pbrt.Bitfield.get self._presence 1)
let[@inline] has_person_name (self:person) : bool = (Pbrt.Bitfield.get self._presence 2)
let[@inline] has_person_picture (self:person) : bool = (Pbrt.Bitfield.get self._presence 3)

[@@@ocaml.warning "-27-30-39"]

(** {2 Dump of internal representation for generated OCaml types} *)

(* ----------------------------------------------------- *)
(*
  Module Prefix: Option_processing
  Const Variant: payment_system
    Constructor: Cash
      Binary Value: 0, String Value: CASH
      Options: {"label": Constant_string "Cash"}
    Constructor: Credit_card
      Binary Value: 1, String Value: CREDIT_CARD
      Options: {"label": Constant_string "Credit Card"}
    Constructor: Debit_card
      Binary Value: 2, String Value: DEBIT_CARD
      Options: {"label": Constant_string "Debit Card"}
    Constructor: App
      Binary Value: 3, String Value: APP
      Options: {"label": Constant_string "Mobile App"}
  Options: {"label": Constant_string "Payment method"}
*)

(* ----------------------------------------------------- *)
(*
  Module Prefix: Option_processing
  Record: person_location
  - Field: lat
    Rft_nolabel (Field Type: Ft_basic_type: Bt_float, Encoding: 1, Payload Kind: Pk_bits64)
    Field options: {"validate.rules.double": {"gte": Constant_int -90, "lte": Constant_int 90}}
  - Field: lng
    Rft_nolabel (Field Type: Ft_basic_type: Bt_float, Encoding: 2, Payload Kind: Pk_bits64)
    Field options: {"validate.rules.double": {"gte": Constant_int -180, "lte": Constant_int 180}}
  Options: {"validate.disabled": Constant_bool true}
*)

(* ----------------------------------------------------- *)
(*
  Module Prefix: Option_processing
  Variant: person_id2
    Constructor: X
      Field Type: Vct_non_nullary_constructor: Ft_basic_type: Bt_string

      Encoding Number: 6, Payload Kind: Pk_bytes
      Options: {"validate.rules.string.prefix": Constant_string "foo"}
    Constructor: Y
      Field Type: Vct_non_nullary_constructor: Ft_basic_type: Bt_int32

      Encoding Number: 7, Payload Kind: Pk_varint (zigzag: false)
      Options: {"validate.rules.int32.gt": Constant_int 0}
    Constructor: Z
      Field Type: Vct_non_nullary_constructor: Ft_basic_type: Bt_float

      Encoding Number: 8, Payload Kind: Pk_bits32
      Options: {}
  Options: {}
*)

(*
  Module Prefix: Option_processing
  Record: person
  - Field: id
    Rft_nolabel (Field Type: Ft_basic_type: Bt_int64, Encoding: 1, Payload Kind: Pk_varint (zigzag: false))
    Field options: {"validate.rules.uint64.gt": Constant_int 999}
  - Field: email
    Rft_nolabel (Field Type: Ft_basic_type: Bt_string, Encoding: 2, Payload Kind: Pk_bytes)
    Field options: {"validate.rules.string.email": Constant_bool true}
  - Field: name
    Rft_nolabel (Field Type: Ft_basic_type: Bt_string, Encoding: 3, Payload Kind: Pk_bytes)
    Field options: {"validate.rules.string": {"pattern": Constant_string "^[^[0-9]A-Za-z]+( [^[0-9]A-Za-z]+)*$", "max_bytes": Constant_int 256}}
  - Field: home
    Rft_optional (Field Type: Ft_user_defined_type: person_location, Encoding: 4, Payload Kind: Pk_bytes, Default Value: None)
    Field options: {"validate.rules.message.required": Constant_bool true}
  - Field: picture
    Rft_nolabel (Field Type: Ft_basic_type: Bt_bytes, Encoding: 5, Payload Kind: Pk_bytes)
    Field options: {"validate.rules.bytes": {"not_in": [Constant_string "foo", Constant_string "bar", Constant_string "baz"]}}
  - Field: id2
    Rft_variant: person_id2
    Field options: {"validate.required": Constant_bool true}
  Options: {"validate.disabled": Constant_bool true}
*)
